// Jest Snapshot v1, https://goo.gl/fbAQLP

exports[`Home Render renders correctly 1`] = `
Array [
  <div>
    <h2>
      Top 5 de Canciones Recomendadas
    </h2>
    <ul />
  </div>,
  " ",
]
`;
